// Jest Snapshot v1, https://goo.gl/fbAQLP

exports[`TarballFetcher.fetch throws on invalid hash 1`] = `"https://github.com/sindresorhus/beeper/archive/master.tar.gz: Hashes don't match when extracting file \\"foo\\". Expected \\"51f12d36860fc3d2ab747377991746e8ea3faabb\\" but got undefined"`;
